{
    "data": [
        {
            "type": "articles",
            "attributes": {
                "title": "JSON API paints my bikeshed!"
            },
            "links": {
                "self": "http:\/\/example.com\/articles\/1"
            },
            "relationships": {
                "author": {
                    "data": {
                        "type": "people",
                        "id": "9"
                    },
                    "links": {
                        "self": "http:\/\/example.com\/articles\/1\/relationships\/author",
                        "related": "http:\/\/example.com\/articles\/1\/author"
                    }
                },
                "comments": {
                    "data": [],
                    "links": {
                        "self": "http:\/\/example.com\/articles\/1\/relationships\/comments",
                        "related": "http:\/\/example.com\/articles\/1\/comments"
                    }
                }
            },
            "id": "1"
        }
    ],
    "links": {
        "next": "http:\/\/example.com\/articles?page[offset]=2",
        "last": "http:\/\/example.com\/articles?page[offset]=10",
        "self": "http:\/\/example.com\/articles"
    },
    "included": [
        {
            "type": "people",
            "attributes": {
                "first-name": "Dan",
                "last-name": "Gebhardt",
                "twitter": "dgeb"
            },
            "links": {
                "self": "http:\/\/example.com\/people\/9"
            },
            "id": "9"
        },
        {
            "type": "comments",
            "attributes": {
                "body": "First!"
            },
            "links": {
                "self": "http:\/\/example.com\/comments\/5"
            },
            "relationships": {
                "author": {
                    "data": {
                        "type": "people",
                        "id": "2"
                    }
                }
            },
            "id": "5"
        },
        {
            "type": "comments",
            "attributes": {
                "body": "I like XML better"
            },
            "links": {
                "self": "http:\/\/example.com\/comments\/12"
            },
            "relationships": {
                "author": {
                    "data": {
                        "type": "people",
                        "id": "9"
                    }
                }
            },
            "id": "12"
        }
    ]
}
