{
    "meta": {
        "test": "test"
    },
    "jsonapi": {
        "version": "1.0",
        "meta": {
            "foo": "bar"
        }
    }
}
