{
    "data": [
        {
            "type": "people",
            "attributes": {
                "name": "Martin Fowler"
            },
            "meta": {
                "apple_meta": "foo"
            },
            "id": "1"
        },
        {
            "type": "people",
            "attributes": {
                "name": "Kent Beck"
            },
            "meta": {
                "apple_meta": "foo"
            },
            "id": "2"
        }
    ],
    "links": {
        "self": "\/books\/123\/relationships\/authors",
        "related": "\/books\/123\/authors"
    },
    "jsonapi": {
        "version": "1.1"
    },
    "meta": {
        "document_meta": "bar"
    }
}
