{
    "meta": {
        "foo": "bar"
    },
    "jsonapi": {
        "version": "1.1"
    }
}
