{
    "data": {
        "type": "basket",
        "relationships": {
            "content": {
                "data": []
            }
        }
    }
}
