{
    "data": [
        {
            "type": "apples",
            "id": "1"
        },
        {
            "type": "apples",
            "id": "2"
        }
    ],
    "links": {
        "first": "http:\/\/example.com\/fruits?page=first",
        "prev": "http:\/\/example.com\/fruits?page=3",
        "next": "http:\/\/example.com\/fruits?page=5",
        "last": "http:\/\/example.com\/fruits?page=last",
        "self": "http:\/\/example.com\/fruits?page=4"
    }
}
