{
    "data": {
        "type": "basket",
        "relationships": {
            "content": {
                "data": {
                    "type": "apples",
                    "id": "1"
                }
            }
        },
        "id": "1"
    }
}
