{
    "data": {
        "type": "basket",
        "relationships": {
            "content": {
                "data": []
            }
        },
        "id": "1"
    }
}
