{
    "data": {
        "type": "basket",
        "relationships": {
            "empty": {
                "links": {
                    "related": "\/foo"
                }
            }
        },
        "id": "1"
    }
}
