{
    "data": {
        "type": "basket",
        "relationships": {
            "empty": {
                "links": {
                    "related": "\/foo",
                    "self": "\/bar"
                },
                "meta": {
                    "foo": "bar"
                }
            }
        },
        "id": "1"
    }
}
