{
    "data": {
        "type": "apples",
        "id": "1"
    }
}
