{
    "data": {
        "type": "companies",
        "id": "1"
    }
}
