{
    "data": {
        "type": "apples",
        "attributes": {
            "color": "red",
            "sort": "Fuji"
        },
        "meta": {
            "apple_meta": "foo"
        },
        "id": "1"
    },
    "links": {
        "self": "\/apples\/1"
    },
    "jsonapi": {
        "version": "1.1"
    },
    "meta": {
        "document_meta": "bar"
    }
}
